// Jest Snapshot v1, https://goo.gl/fbAQLP

exports[`<App /> root component renders without crashing 1`] = `ShallowWrapper {}`;
